
> buildsync@0.1.0 build
> next build

Γû▓ Next.js 16.1.6 (Turbopack)

  Creating an optimized production build ...
node.exe : Error: 
Cannot apply unknown 
utility class 
`bg-slate-950`. Are 
you using CSS modules 
or similar and missing 
`@reference`? https://t
ailwindcss.com/docs/fun
ctions-and-directives#r
eference-directive
At line:1 char:1
+ & "C:\Program 
Files\nodejs/node.exe" 
"C:\Program 
Files\nodejs/node_mo 
...
+ ~~~~~~~~~~~~~~~~~~~~~
~~~~~~~~~~~~~~~~~~~~~~~
~~~~~~~~~~~~~~~~~~~~~~~
~~
    + CategoryInfo     
         : NotSpecifi  
  ed: (Error: Cannot   
  a...rence-directi    
ve:String) [], Rem    
oteException
    + FullyQualifiedEr 
   rorId : NativeComm  
  andError
 
    [2m[at 
onInvalidCandidate (D:\
Antigravity\buildsync\n
ode_modules\tailwindcss
\dist\lib.js:21:1314)]
[0m
    [2m[at Ee (D:\Anti
gravity\buildsync\node_
modules\tailwindcss\dis
t\lib.js:16:37066)][0m
    [2m[at D:\Antigrav
ity\buildsync\node_modu
les\tailwindcss\dist\li
b.js:21:355][0m
    [2m[at Pr (D:\Anti
gravity\buildsync\node_
modules\tailwindcss\dis
t\lib.js:3:1733)][0m
    [2m[at _ (D:\Antig
ravity\buildsync\node_m
odules\tailwindcss\dist
\lib.js:3:1377)][0m
    [2m[at Te (D:\Anti
gravity\buildsync\node_
modules\tailwindcss\dis
t\lib.js:21:172)][0m
    [2m[at pn (D:\Anti
gravity\buildsync\node_
modules\tailwindcss\dis
t\lib.js:38:294)][0m
    [2m[at process.pro
cessTicksAndRejections 
(node:internal/process/
task_queues:103:5)][0m
    [2m[at async dn (D
:\Antigravity\buildsync
\node_modules\tailwindc
ss\dist\lib.js:38:631)]
[0m
    [2m[at async Xr (D
:\Antigravity\buildsync
\node_modules\@tailwind
css\node\dist\index.js:
10:3417)][0m

> Build error occurred
Error: Turbopack build 
failed with 5 errors:
./src/app/globals.css
Error evaluating 
Node.js code
CssSyntaxError: 
tailwindcss: D:\Antigra
vity\buildsync\src\app\
globals.css:1:1: 
Cannot apply unknown 
utility class 
`bg-slate-950`. Are 
you using CSS modules 
or similar and missing 
`@reference`? https://t
ailwindcss.com/docs/fun
ctions-and-directives#r
eference-directive
    at Input.error (nod
e_modules/postcss/lib/i
nput.js:135:16) [D:\Ant
igravity\buildsync\.nex
t\build\chunks\node_mod
ules_fe693df6._.js:4651
:22]
    at Root.error (node
_modules/postcss/lib/no
de.js:146:32) [D:\Antig
ravity\buildsync\.next\
build\chunks\node_modul
es_fe693df6._.js:928:38
]
    [at Object.Once (D:
\Antigravity\buildsync\
node_modules\@tailwindc
ss\postcss\dist\index.j
s:10:6913)]
    [at process.process
TicksAndRejections (nod
e:internal/process/task
_queues:103:5)]
    at async 
LazyResult.runAsync (no
de_modules/postcss/lib/
lazy-result.js:293:11) 
[D:\Antigravity\buildsy
nc\.next\build\chunks\n
ode_modules_fe693df6._.
js:6214:21]
    at async transform 
(turbopack:///[turbopac
k-node]/transforms/post
css.ts:70:34) [D:\Antig
ravity\buildsync\.next\
build\chunks\[root-of-t
he-server]__51225daf._.
js:146:36]
    at async run (turbo
pack:///[turbopack-node
]/ipc/evaluate.ts:92:23
) [D:\Antigravity\build
sync\.next\build\chunks
\[root-of-the-server]__
974941ed._.js:443:31]

Import trace:
  Client Component 
Browser:
    
./src/app/globals.css 
[Client Component 
Browser]
    
./src/app/layout.tsx 
[Server Component]


./src/app/matchmaking/p
age.tsx:4:1
Module not found: 
Can't resolve 
'lucide-react'
[0m [90m 2 |[39m
 [90m 3 |[39m 
[36mimport[39m { 
useEffect[33m,[39m 
useState } 
[36mfrom[39m [32m"re
act"[39m[33m;[39m
[31m[1m>[22m[39m[9
0m 4 |[39m 
[36mimport[39m { [33
mGithub[39m[33m,[39m
 [33mCode[39m[33m,[
39m [33mClock[39m[33
m,[39m 
[33mUserPlus[39m } 
[36mfrom[39m [32m"lu
cide-react"[39m[33m;
[39m
 [90m   |[39m [31m[
1m^[22m[39m[31m[1m^
[22m[39m[31m[1m^[2
2m[39m[31m[1m^[22m
[39m[31m[1m^[22m[39
m[31m[1m^[22m[39m[
31m[1m^[22m[39m[31m
[1m^[22m[39m[31m[1
m^[22m[39m[31m[1m^
[22m[39m[31m[1m^[22
m[39m[31m[1m^[22m[
39m[31m[1m^[22m[39m
[31m[1m^[22m[39m[3
1m[1m^[22m[39m[31m
[1m^[22m[39m[31m[1m
^[22m[39m[31m[1m^[
22m[39m[31m[1m^[22m
[39m[31m[1m^[22m[3
9m[31m[1m^[22m[39m
[31m[1m^[22m[39m[31
m[1m^[22m[39m[31m[
1m^[22m[39m[31m[1m^
[22m[39m[31m[1m^[2
2m[39m[31m[1m^[22m
[39m[31m[1m^[22m[39
m[31m[1m^[22m[39m[
31m[1m^[22m[39m[31m
[1m^[22m[39m[31m[1
m^[22m[39m[31m[1m^
[22m[39m[31m[1m^[22
m[39m[31m[1m^[22m[
39m[31m[1m^[22m[39m
[31m[1m^[22m[39m[3
1m[1m^[22m[39m[31m
[1m^[22m[39m[31m[1m
^[22m[39m[31m[1m^[
22m[39m[31m[1m^[22m
[39m[31m[1m^[22m[3
9m[31m[1m^[22m[39m
[31m[1m^[22m[39m[31
m[1m^[22m[39m[31m[
1m^[22m[39m[31m[1m^
[22m[39m[31m[1m^[2
2m[39m[31m[1m^[22m
[39m[31m[1m^[22m[39
m[31m[1m^[22m[39m[
31m[1m^[22m[39m[31m
[1m^[22m[39m[31m[1
m^[22m[39m[31m[1m^
[22m[39m[31m[1m^[22
m[39m[31m[1m^[22m[
39m[31m[1m^[22m[39m
[31m[1m^[22m[39m[3
1m[1m^[22m[39m
 [90m 5 |[39m
 [90m 6 |[39m 
[36minterface[39m 
[33mMatch[39m {
 [90m 7 |[39m     
id[33m:[39m 
string[33m;[39m[0m



Import traces:
  Client Component 
Browser:
    ./src/app/matchmaki
ng/page.tsx [Client 
Component Browser]
    ./src/app/matchmaki
ng/page.tsx [Server 
Component]

  Client Component SSR:
    ./src/app/matchmaki
ng/page.tsx [Client 
Component SSR]
    ./src/app/matchmaki
ng/page.tsx [Server 
Component]

https://nextjs.org/docs
/messages/module-not-fo
und


./src/app/pitch/page.ts
x:5:1
Module not found: 
Can't resolve 
'lucide-react'
[0m [90m  3 |[39m 
[36mimport[39m { 
useState } 
[36mfrom[39m [32m"re
act"[39m[33m;[39m
 [90m  4 |[39m 
[36mimport[39m { 
[33mIdeaInput[39m } 
[36mfrom[39m [32m"@/
components/IdeaInput"[
39m[33m;[39m
[31m[1m>[22m[39m[9
0m  5 |[39m 
[36mimport[39m {
 [90m    |[39m [31m
[1m^[22m[39m[31m[1m
^[22m[39m[31m[1m^[
22m[39m[31m[1m^[22m
[39m[31m[1m^[22m[3
9m[31m[1m^[22m[39m
[31m[1m^[22m[39m[31
m[1m^[22m[39m
[31m[1m>[22m[39m[9
0m  6 |[39m     [33mT
arget[39m[33m,[39m
 [90m    |[39m [31m
[1m^[22m[39m[31m[1m
^[22m[39m[31m[1m^[
22m[39m[31m[1m^[22m
[39m[31m[1m^[22m[3
9m[31m[1m^[22m[39m
[31m[1m^[22m[39m[31
m[1m^[22m[39m[31m[
1m^[22m[39m[31m[1m^
[22m[39m[31m[1m^[2
2m[39m
[31m[1m>[22m[39m[9
0m  7 |[39m     [33mL
ightbulb[39m[33m,[39
m
 [90m    |[39m [31m
[1m^[22m[39m[31m[1m
^[22m[39m[31m[1m^[
22m[39m[31m[1m^[22m
[39m[31m[1m^[22m[3
9m[31m[1m^[22m[39m
[31m[1m^[22m[39m[31
m[1m^[22m[39m[31m[
1m^[22m[39m[31m[1m^
[22m[39m[31m[1m^[2
2m[39m
[31m[1m>[22m[39m[9
0m  8 |[39m     [33mC
ode2[39m[33m,[39m
 [90m    |[39m [31m
[1m^[22m[39m[31m[1m
^[22m[39m[31m[1m^[
22m[39m[31m[1m^[22m
[39m[31m[1m^[22m[3
9m[31m[1m^[22m[39m
[31m[1m^[22m[39m[31
m[1m^[22m[39m[31m[
1m^[22m[39m[31m[1m^
[22m[39m[31m[1m^[2
2m[39m
[31m[1m>[22m[39m[9
0m  9 |[39m     [33mC
ircleDollarSign[39m[3
3m,[39m
 [90m    |[39m [31m
[1m^[22m[39m[31m[1m
^[22m[39m[31m[1m^[
22m[39m[31m[1m^[22m
[39m[31m[1m^[22m[3
9m[31m[1m^[22m[39m
[31m[1m^[22m[39m[31
m[1m^[22m[39m[31m[
1m^[22m[39m[31m[1m^
[22m[39m[31m[1m^[2
2m[39m
[31m[1m>[22m[39m[9
0m 10 |[39m     [33mA
ctivity[39m[33m,[39m
 [90m    |[39m [31m
[1m^[22m[39m[31m[1m
^[22m[39m[31m[1m^[
22m[39m[31m[1m^[22m
[39m[31m[1m^[22m[3
9m[31m[1m^[22m[39m
[31m[1m^[22m[39m[31
m[1m^[22m[39m[31m[
1m^[22m[39m[31m[1m^
[22m[39m[31m[1m^[2
2m[39m
[31m[1m>[22m[39m[9
0m 11 |[39m     
[33mArrowRight[39m
 [90m    |[39m [31m
[1m^[22m[39m[31m[1m
^[22m[39m[31m[1m^[
22m[39m[31m[1m^[22m
[39m[31m[1m^[22m[3
9m[31m[1m^[22m[39m
[31m[1m^[22m[39m[31
m[1m^[22m[39m[31m[
1m^[22m[39m[31m[1m^
[22m[39m[31m[1m^[2
2m[39m
[31m[1m>[22m[39m[9
0m 12 |[39m } 
[36mfrom[39m [32m"lu
cide-react"[39m[33m;
[39m
 [90m    |[39m [31m
[1m^[22m[39m[31m[1m
^[22m[39m[31m[1m^[
22m[39m[31m[1m^[22m
[39m[31m[1m^[22m[3
9m[31m[1m^[22m[39m
[31m[1m^[22m[39m[31
m[1m^[22m[39m[31m[
1m^[22m[39m[31m[1m^
[22m[39m[31m[1m^[2
2m[39m[31m[1m^[22m
[39m[31m[1m^[22m[39
m[31m[1m^[22m[39m[
31m[1m^[22m[39m[31m
[1m^[22m[39m[31m[1
m^[22m[39m[31m[1m^
[22m[39m[31m[1m^[22
m[39m[31m[1m^[22m[
39m[31m[1m^[22m[39m
[31m[1m^[22m[39m[3
1m[1m^[22m[39m
 [90m 13 |[39m
 [90m 14 |[39m 
[36minterface[39m 
[33mEnhancedIdea[39m 
{
 [90m 15 |[39m     re
finedProblem[33m:[39m
 string[33m;[39m[0m



Import traces:
  Client Component 
Browser:
    ./src/app/pitch/pag
e.tsx [Client 
Component Browser]
    ./src/app/pitch/pag
e.tsx [Server 
Component]

  Client Component SSR:
    ./src/app/pitch/pag
e.tsx [Client 
Component SSR]
    ./src/app/pitch/pag
e.tsx [Server 
Component]

https://nextjs.org/docs
/messages/module-not-fo
und


./src/components/IdeaIn
put.tsx:4:1
Module not found: 
Can't resolve 
'lucide-react'
[0m [90m 2 |[39m
 [90m 3 |[39m 
[36mimport[39m { 
useState } 
[36mfrom[39m [32m"re
act"[39m[33m;[39m
[31m[1m>[22m[39m[9
0m 4 |[39m 
[36mimport[39m { [33
mSparkles[39m[33m,[3
9m [33mLoader2[39m } 
[36mfrom[39m [32m"lu
cide-react"[39m[33m;
[39m
 [90m   |[39m [31m[
1m^[22m[39m[31m[1m^
[22m[39m[31m[1m^[2
2m[39m[31m[1m^[22m
[39m[31m[1m^[22m[39
m[31m[1m^[22m[39m[
31m[1m^[22m[39m[31m
[1m^[22m[39m[31m[1
m^[22m[39m[31m[1m^
[22m[39m[31m[1m^[22
m[39m[31m[1m^[22m[
39m[31m[1m^[22m[39m
[31m[1m^[22m[39m[3
1m[1m^[22m[39m[31m
[1m^[22m[39m[31m[1m
^[22m[39m[31m[1m^[
22m[39m[31m[1m^[22m
[39m[31m[1m^[22m[3
9m[31m[1m^[22m[39m
[31m[1m^[22m[39m[31
m[1m^[22m[39m[31m[
1m^[22m[39m[31m[1m^
[22m[39m[31m[1m^[2
2m[39m[31m[1m^[22m
[39m[31m[1m^[22m[39
m[31m[1m^[22m[39m[
31m[1m^[22m[39m[31m
[1m^[22m[39m[31m[1
m^[22m[39m[31m[1m^
[22m[39m[31m[1m^[22
m[39m[31m[1m^[22m[
39m[31m[1m^[22m[39m
[31m[1m^[22m[39m[3
1m[1m^[22m[39m[31m
[1m^[22m[39m[31m[1m
^[22m[39m[31m[1m^[
22m[39m[31m[1m^[22m
[39m[31m[1m^[22m[3
9m[31m[1m^[22m[39m
[31m[1m^[22m[39m[31
m[1m^[22m[39m[31m[
1m^[22m[39m[31m[1m^
[22m[39m[31m[1m^[2
2m[39m
 [90m 5 |[39m
 [90m 6 |[39m 
[36minterface[39m [3
3mIdeaInputProps[39m {
 [90m 7 |[39m     
onAnalyze[33m:[39m 
(idea[33m:[39m 
string) [33m=>[39m [
36mvoid[39m[33m;[39m
[0m



Import traces:
  Client Component 
Browser:
    ./src/components/Id
eaInput.tsx [Client 
Component Browser]
    ./src/app/pitch/pag
e.tsx [Client 
Component Browser]
    ./src/app/pitch/pag
e.tsx [Server 
Component]

  Client Component SSR:
    ./src/components/Id
eaInput.tsx [Client 
Component SSR]
    ./src/app/pitch/pag
e.tsx [Client 
Component SSR]
    ./src/app/pitch/pag
e.tsx [Server 
Component]

https://nextjs.org/docs
/messages/module-not-fo
und


./src/components/Navbar
.tsx:5:1
Module not found: 
Can't resolve 
'lucide-react'
[0m [90m 3 |[39m 
[36mimport[39m 
[33mLink[39m 
[36mfrom[39m [32m"ne
xt/link"[39m[33m;[39
m
 [90m 4 |[39m 
[36mimport[39m { 
useState } 
[36mfrom[39m [32m"re
act"[39m[33m;[39m
[31m[1m>[22m[39m[9
0m 5 |[39m 
[36mimport[39m { [33
mHome[39m[33m,[39m 
[33mLightbulb[39m[33m
,[39m [33mUsers[39m
[33m,[39m [33mLineCha
rt[39m[33m,[39m [33
mWallet[39m[33m,[39m
 
[33mCheckCircle2[39m 
} [36mfrom[39m [32m"
lucide-react"[39m[33m
;[39m
 [90m   |[39m [31m[
1m^[22m[39m[31m[1m^
[22m[39m[31m[1m^[2
2m[39m[31m[1m^[22m
[39m[31m[1m^[22m[39
m[31m[1m^[22m[39m[
31m[1m^[22m[39m[31m
[1m^[22m[39m[31m[1
m^[22m[39m[31m[1m^
[22m[39m[31m[1m^[22
m[39m[31m[1m^[22m[
39m[31m[1m^[22m[39m
[31m[1m^[22m[39m[3
1m[1m^[22m[39m[31m
[1m^[22m[39m[31m[1m
^[22m[39m[31m[1m^[
22m[39m[31m[1m^[22m
[39m[31m[1m^[22m[3
9m[31m[1m^[22m[39m
[31m[1m^[22m[39m[31
m[1m^[22m[39m[31m[
1m^[22m[39m[31m[1m^
[22m[39m[31m[1m^[2
2m[39m[31m[1m^[22m
[39m[31m[1m^[22m[39
m[31m[1m^[22m[39m[
31m[1m^[22m[39m[31m
[1m^[22m[39m[31m[1
m^[22m[39m[31m[1m^
[22m[39m[31m[1m^[22
m[39m[31m[1m^[22m[
39m[31m[1m^[22m[39m
[31m[1m^[22m[39m[3
1m[1m^[22m[39m[31m
[1m^[22m[39m[31m[1m
^[22m[39m[31m[1m^[
22m[39m[31m[1m^[22m
[39m[31m[1m^[22m[3
9m[31m[1m^[22m[39m
[31m[1m^[22m[39m[31
m[1m^[22m[39m[31m[
1m^[22m[39m[31m[1m^
[22m[39m[31m[1m^[2
2m[39m[31m[1m^[22m
[39m[31m[1m^[22m[39
m[31m[1m^[22m[39m[
31m[1m^[22m[39m[31m
[1m^[22m[39m[31m[1
m^[22m[39m[31m[1m^
[22m[39m[31m[1m^[22
m[39m[31m[1m^[22m[
39m[31m[1m^[22m[39m
[31m[1m^[22m[39m[3
1m[1m^[22m[39m[31m
[1m^[22m[39m[31m[1m
^[22m[39m[31m[1m^[
22m[39m[31m[1m^[22m
[39m[31m[1m^[22m[3
9m[31m[1m^[22m[39m
[31m[1m^[22m[39m[31
m[1m^[22m[39m[31m[
1m^[22m[39m[31m[1m^
[22m[39m[31m[1m^[2
2m[39m[31m[1m^[22m
[39m[31m[1m^[22m[39
m[31m[1m^[22m[39m[
31m[1m^[22m[39m[31m
[1m^[22m[39m[31m[1
m^[22m[39m[31m[1m^
[22m[39m[31m[1m^[22
m[39m[31m[1m^[22m[
39m[31m[1m^[22m[39m
[31m[1m^[22m[39m[3
1m[1m^[22m[39m[31m
[1m^[22m[39m[31m[1m
^[22m[39m[31m[1m^[
22m[39m
 [90m 6 |[39m
 [90m 7 |[39m 
[36mexport[39m 
[36mfunction[39m 
[33mNavbar[39m() {
 [90m 8 |[39m     
[36mconst[39m [isConn
ected[33m,[39m 
setIsConnected] 
[33m=[39m useState([
36mfalse[39m)[33m;[3
9m[0m



Import trace:
  Server Component:
    ./src/components/Na
vbar.tsx
    
./src/app/layout.tsx

https://nextjs.org/docs
/messages/module-not-fo
und


    at async transform 
(turbopack:///[turbopac
k-node]/transforms/post
css.ts:70:34) [D:\Antig
ravity\buildsync\.next\
build\chunks\[root-of-t
he-server]__51225daf._.
js:146:36])
    at async run (turbo
pack:///[turbopack-node
]/ipc/evaluate.ts:92:23
) [D:\Antigravity\build
sync\.next\build\chunks
\[root-of-the-server]__
974941ed._.js:443:31])
    at <unknown> (./src
/app/matchmaking/page.t
sx:4:1)
    at <unknown> (https
://nextjs.org/docs/mess
ages/module-not-found)
    at <unknown> (./src
/app/pitch/page.tsx:5:1
)
    at <unknown> (https
://nextjs.org/docs/mess
ages/module-not-found)
    at <unknown> (./src
/components/IdeaInput.t
sx:4:1)
    at <unknown> (https
://nextjs.org/docs/mess
ages/module-not-found)
    at <unknown> (./src
/components/Navbar.tsx:
5:1)
    at <unknown> (https
://nextjs.org/docs/mess
ages/module-not-found)
